// Jest Snapshot v1, https://goo.gl/fbAQLP

exports[`startsWith 0 should not allow a regex 1`] = `"Cannot call method \\"startsWith\\" with a regex"`;

exports[`startsWith 0 should not allow a regex 2`] = `"Cannot call method \\"startsWith\\" with a regex"`;

exports[`startsWith 0 should throw when target is null or undefined 1`] = `"Cannot call method on undefined"`;

exports[`startsWith 0 should throw when target is null or undefined 2`] = `"Cannot call method on undefined"`;

exports[`startsWith 0 should throw when target is null or undefined 3`] = `"Cannot call method on null"`;

exports[`startsWith 1 should not allow a regex 1`] = `"Cannot call method \\"startsWith\\" with a regex"`;

exports[`startsWith 1 should not allow a regex 2`] = `"Cannot call method \\"startsWith\\" with a regex"`;

exports[`startsWith 1 should throw when target is null or undefined 1`] = `"Cannot call method on undefined"`;

exports[`startsWith 1 should throw when target is null or undefined 2`] = `"Cannot call method on undefined"`;

exports[`startsWith 1 should throw when target is null or undefined 3`] = `"Cannot call method on null"`;
