// Jest Snapshot v1, https://goo.gl/fbAQLP

exports[`startsWith should not allow a regex 1`] = `"Cannot call method \\"startsWith\\" with a regex"`;

exports[`startsWith should not allow a regex 2`] = `"Cannot call method \\"startsWith\\" with a regex"`;

exports[`startsWith should throw when target is null or undefined 1`] = `"Cannot call method on undefined"`;

exports[`startsWith should throw when target is null or undefined 2`] = `"Cannot call method on undefined"`;

exports[`startsWith should throw when target is null or undefined 3`] = `"Cannot call method on null"`;
